B,C,F,S,c',b',d'
b,c,d
S
S->Cd'
S->b'F
b'->b
B->Cd'
d'->d
B->b'F
C->c'C
c'->c
C->c
F->BC
