S,X,a',d',b'
a,b,d
S
S->b'X
b'->b
X->a'd'
a'->a
d'->d

