S,X,Y,a',<XbX>,<bX>,<Xb>,b'
a,b
S
S->a'<XbX>
a'->a
<XbX>->X<bX>
<bX>->b'X
b'->b
S->a'<bX>
S->a'<Xb>
<Xb>->Xb'
S->a'b'
X->a'Y
X->b'Y
X->a
X->b
Y->a'Y
Y->b'Y
